--------------------------------------------------------------------------------
Release 14.7 Trace  (nt64)
Copyright (c) 1995-2013 Xilinx, Inc.  All rights reserved.

C:\Xilinx\14.7\ISE_DS\ISE\bin\nt64\unwrapped\trce.exe -intstyle ise -o
mojo_top_0.twr -v 30 -l 30 mojo_top_0_routed.ncd mojo_top_0.pcf

Design file:              mojo_top_0_routed.ncd
Physical constraint file: mojo_top_0.pcf
Device,package,speed:     xc6slx9,tqg144,C,-2 (PRODUCTION 1.23 2013-10-13)
Report level:             verbose report, limited to 30 items per constraint

Environment Variable      Effect 
--------------------      ------ 
NONE                      No environment variables were set
--------------------------------------------------------------------------------

INFO:Timing:2698 - No timing constraints found, doing default enumeration.
INFO:Timing:3412 - To improve timing, see the Timing Closure User Guide (UG612).
INFO:Timing:2752 - To get complete path coverage, use the unconstrained paths 
   option. All paths that are not constrained will be reported in the 
   unconstrained paths section(s) of the report.
INFO:Timing:3339 - The clock-to-out numbers in this timing report are based on 
   a 50 Ohm transmission line loading model.  For the details of this model, 
   and for more information on accounting for different loading conditions, 
   please see the device datasheet.



Data Sheet report:
-----------------
All values displayed in nanoseconds (ns)

Pad to Pad
---------------+---------------+---------+
Source Pad     |Destination Pad|  Delay  |
---------------+---------------+---------+
io_dip[0]      |io_led[0]      |    9.831|
io_dip[0]      |led[0]         |   14.917|
io_dip[0]      |led[1]         |   13.466|
io_dip[0]      |led[2]         |   13.501|
io_dip[0]      |led[3]         |   13.921|
io_dip[0]      |led[4]         |   13.255|
io_dip[0]      |led[5]         |   13.085|
io_dip[0]      |led[6]         |   13.221|
io_dip[0]      |led[7]         |   13.424|
io_dip[1]      |io_led[1]      |    9.497|
io_dip[1]      |led[0]         |   14.504|
io_dip[1]      |led[1]         |   14.121|
io_dip[1]      |led[2]         |   13.119|
io_dip[1]      |led[3]         |   13.459|
io_dip[1]      |led[4]         |   12.842|
io_dip[1]      |led[5]         |   13.090|
io_dip[1]      |led[6]         |   12.859|
io_dip[1]      |led[7]         |   13.011|
io_dip[2]      |io_led[2]      |   11.331|
io_dip[2]      |led[0]         |   14.864|
io_dip[2]      |led[1]         |   13.427|
io_dip[2]      |led[2]         |   13.451|
io_dip[2]      |led[3]         |   14.032|
io_dip[2]      |led[4]         |   13.202|
io_dip[2]      |led[5]         |   13.032|
io_dip[2]      |led[6]         |   13.168|
io_dip[2]      |led[7]         |   13.371|
io_dip[3]      |io_led[3]      |   12.034|
io_dip[3]      |led[0]         |   15.437|
io_dip[3]      |led[1]         |   13.680|
io_dip[3]      |led[2]         |   13.354|
io_dip[3]      |led[3]         |   14.381|
io_dip[3]      |led[4]         |   13.775|
io_dip[3]      |led[5]         |   13.605|
io_dip[3]      |led[6]         |   13.741|
io_dip[3]      |led[7]         |   13.944|
io_dip[4]      |io_led[4]      |   11.354|
io_dip[4]      |led[0]         |   14.496|
io_dip[4]      |led[1]         |   13.402|
io_dip[4]      |led[2]         |   13.134|
io_dip[4]      |led[3]         |   13.734|
io_dip[4]      |led[4]         |   12.645|
io_dip[4]      |led[5]         |   12.764|
io_dip[4]      |led[6]         |   12.755|
io_dip[4]      |led[7]         |   13.003|
io_dip[5]      |io_led[5]      |   11.329|
io_dip[5]      |led[0]         |   15.086|
io_dip[5]      |led[1]         |   14.608|
io_dip[5]      |led[2]         |   13.310|
io_dip[5]      |led[3]         |   13.966|
io_dip[5]      |led[4]         |   12.320|
io_dip[5]      |led[5]         |   13.179|
io_dip[5]      |led[6]         |   13.359|
io_dip[5]      |led[7]         |   13.593|
io_dip[6]      |io_led[6]      |   10.928|
io_dip[6]      |led[0]         |   14.582|
io_dip[6]      |led[1]         |   14.634|
io_dip[6]      |led[2]         |   13.804|
io_dip[6]      |led[3]         |   13.992|
io_dip[6]      |led[4]         |   12.191|
io_dip[6]      |led[5]         |   13.205|
io_dip[6]      |led[6]         |   13.360|
io_dip[6]      |led[7]         |   13.159|
io_dip[7]      |io_led[7]      |   11.339|
io_dip[7]      |led[0]         |   14.949|
io_dip[7]      |led[1]         |   13.499|
io_dip[7]      |led[2]         |   14.230|
io_dip[7]      |led[3]         |   14.546|
io_dip[7]      |led[4]         |   12.629|
io_dip[7]      |led[5]         |   12.213|
io_dip[7]      |led[6]         |   13.786|
io_dip[7]      |led[7]         |   13.711|
io_dip[8]      |io_led[8]      |   12.145|
io_dip[8]      |led[0]         |   15.561|
io_dip[8]      |led[1]         |   15.314|
io_dip[8]      |led[2]         |   14.256|
io_dip[8]      |led[3]         |   14.740|
io_dip[8]      |led[4]         |   13.899|
io_dip[8]      |led[5]         |   13.885|
io_dip[8]      |led[6]         |   13.865|
io_dip[8]      |led[7]         |   14.068|
io_dip[9]      |io_led[9]      |   11.853|
io_dip[9]      |led[0]         |   15.115|
io_dip[9]      |led[1]         |   13.690|
io_dip[9]      |led[2]         |   13.909|
io_dip[9]      |led[3]         |   14.617|
io_dip[9]      |led[4]         |   13.453|
io_dip[9]      |led[5]         |   13.283|
io_dip[9]      |led[6]         |   13.465|
io_dip[9]      |led[7]         |   13.622|
io_dip[10]     |io_led[10]     |   11.614|
io_dip[10]     |led[0]         |   15.186|
io_dip[10]     |led[1]         |   13.288|
io_dip[10]     |led[2]         |   13.773|
io_dip[10]     |led[3]         |   14.101|
io_dip[10]     |led[4]         |   13.524|
io_dip[10]     |led[5]         |   13.354|
io_dip[10]     |led[6]         |   13.490|
io_dip[10]     |led[7]         |   13.693|
io_dip[11]     |io_led[11]     |   11.926|
io_dip[11]     |led[0]         |   15.243|
io_dip[11]     |led[1]         |   13.505|
io_dip[11]     |led[2]         |   13.141|
io_dip[11]     |led[3]         |   13.782|
io_dip[11]     |led[4]         |   13.581|
io_dip[11]     |led[5]         |   13.411|
io_dip[11]     |led[6]         |   13.547|
io_dip[11]     |led[7]         |   13.750|
io_dip[12]     |io_led[12]     |   10.355|
io_dip[12]     |led[0]         |   14.294|
io_dip[12]     |led[1]         |   13.793|
io_dip[12]     |led[2]         |   13.429|
io_dip[12]     |led[3]         |   14.070|
io_dip[12]     |led[4]         |   13.107|
io_dip[12]     |led[5]         |   13.171|
io_dip[12]     |led[6]         |   13.534|
io_dip[12]     |led[7]         |   12.898|
io_dip[13]     |io_led[13]     |   10.713|
io_dip[13]     |led[0]         |   14.221|
io_dip[13]     |led[1]         |   13.381|
io_dip[13]     |led[2]         |   13.017|
io_dip[13]     |led[3]         |   13.658|
io_dip[13]     |led[4]         |   12.695|
io_dip[13]     |led[5]         |   12.759|
io_dip[13]     |led[6]         |   13.122|
io_dip[13]     |led[7]         |   12.728|
io_dip[14]     |io_led[14]     |   10.166|
io_dip[14]     |led[0]         |   14.060|
io_dip[14]     |led[1]         |   13.255|
io_dip[14]     |led[2]         |   12.891|
io_dip[14]     |led[3]         |   13.532|
io_dip[14]     |led[4]         |   12.569|
io_dip[14]     |led[5]         |   12.633|
io_dip[14]     |led[6]         |   12.996|
io_dip[14]     |led[7]         |   12.567|
io_dip[15]     |io_led[15]     |   11.059|
io_dip[15]     |led[0]         |   13.859|
io_dip[15]     |led[1]         |   13.065|
io_dip[15]     |led[2]         |   12.701|
io_dip[15]     |led[3]         |   13.342|
io_dip[15]     |led[4]         |   12.379|
io_dip[15]     |led[5]         |   12.443|
io_dip[15]     |led[6]         |   12.806|
io_dip[15]     |led[7]         |   12.366|
io_dip[16]     |io_led[16]     |   11.000|
io_dip[16]     |led[0]         |   16.160|
io_dip[16]     |led[1]         |   15.248|
io_dip[16]     |led[2]         |   14.502|
io_dip[16]     |led[3]         |   14.241|
io_dip[16]     |led[4]         |   14.768|
io_dip[16]     |led[5]         |   14.774|
io_dip[16]     |led[6]         |   14.771|
io_dip[16]     |led[7]         |   14.610|
io_dip[17]     |io_led[17]     |   10.694|
io_dip[17]     |led[0]         |   15.878|
io_dip[17]     |led[1]         |   14.728|
io_dip[17]     |led[2]         |   15.282|
io_dip[17]     |led[3]         |   14.207|
io_dip[17]     |led[4]         |   14.216|
io_dip[17]     |led[5]         |   14.798|
io_dip[17]     |led[6]         |   14.182|
io_dip[17]     |led[7]         |   14.385|
io_dip[18]     |io_led[18]     |   12.599|
io_dip[18]     |led[0]         |   15.617|
io_dip[18]     |led[1]         |   14.774|
io_dip[18]     |led[2]         |   15.333|
io_dip[18]     |led[3]         |   14.986|
io_dip[18]     |led[4]         |   15.379|
io_dip[18]     |led[5]         |   14.589|
io_dip[18]     |led[6]         |   15.230|
io_dip[18]     |led[7]         |   14.882|
io_dip[19]     |io_led[19]     |   11.581|
io_dip[19]     |led[0]         |   13.844|
io_dip[19]     |led[1]         |   15.164|
io_dip[19]     |led[2]         |   14.813|
io_dip[19]     |led[3]         |   14.241|
io_dip[19]     |led[4]         |   15.168|
io_dip[19]     |led[5]         |   13.985|
io_dip[19]     |led[6]         |   14.545|
io_dip[19]     |led[7]         |   14.141|
io_dip[20]     |io_led[20]     |   11.511|
io_dip[20]     |led[0]         |   14.426|
io_dip[20]     |led[1]         |   14.380|
io_dip[20]     |led[2]         |   14.045|
io_dip[20]     |led[3]         |   13.471|
io_dip[20]     |led[4]         |   14.029|
io_dip[20]     |led[5]         |   13.641|
io_dip[20]     |led[6]         |   13.820|
io_dip[20]     |led[7]         |   13.541|
io_dip[21]     |io_led[21]     |   11.356|
io_dip[21]     |led[0]         |   16.615|
io_dip[21]     |led[1]         |   16.743|
io_dip[21]     |led[2]         |   16.668|
io_dip[21]     |led[3]         |   16.549|
io_dip[21]     |led[4]         |   16.123|
io_dip[21]     |led[5]         |   16.432|
io_dip[21]     |led[6]         |   16.518|
io_dip[21]     |led[7]         |   16.111|
test           |io_led[23]     |   10.393|
---------------+---------------+---------+


Analysis completed Fri Oct 21 16:27:19 2016 
--------------------------------------------------------------------------------

Trace Settings:
-------------------------
Trace Settings 

Peak Memory Usage: 221 MB



